{
  "apiVersion": "refresh.drod.dev/v1",
  "kind": "NodegroupDescription",
  "name": "s-name",
  "status": "s-status",
  "instanceType": "s-instancetype",
  "amiType": "s-amitype",
  "capacityType": "s-capacitytype",
  "currentAmi": "s-currentami",
  "latestAmi": "s-latestami",
  "amiStatus": "Updating",
  "amiLookupFailure": {
    "kind": "s-kind",
    "name": "s-name",
    "cluster": "s-cluster",
    "region": "s-region",
    "operation": "s-operation",
    "reason": "s-reason",
    "retryable": true,
    "error": "s-error",
    "awsErrorCode": "s-awserrorcode",
    "updateId": "s-updateid"
  },
  "scaling": {
    "desiredSize": 3,
    "minSize": 3,
    "maxSize": 3
  },
  "instances": [
    {
      "instanceId": "s-instanceid",
      "instanceType": "s-instancetype",
      "launchTime": "2026-01-02T03:04:05Z",
      "lifecycle": "s-lifecycle",
      "state": "s-state",
      "availabilityZone": "s-az"
    }
  ],
  "workloads": {
    "totalPods": 3,
    "criticalPods": 3,
    "podDisruption": "s-poddisruption"
  },
  "failures": [
    {
      "kind": "s-kind",
      "name": "s-name",
      "cluster": "s-cluster",
      "region": "s-region",
      "operation": "s-operation",
      "reason": "s-reason",
      "retryable": true,
      "error": "s-error",
      "awsErrorCode": "s-awserrorcode",
      "updateId": "s-updateid"
    }
  ]
}
